2025-06-13 14:23:46,866 [background-preinit] INFO  [org.hibernate.validator.internal.util.Version] Version.java:21 - HV000001: Hibernate Validator 6.2.5.Final
2025-06-13 14:23:49,065 [main] INFO  [com.tfwk.his.regist.HisRegistApplication] SpringApplication.java:638 - The following 1 profile is active: "local"
2025-06-13 14:23:51,313 [main] INFO  [o.s.d.r.config.RepositoryConfigurationDelegate] RepositoryConfigurationDelegate.java:262 - Multiple Spring Data modules found, entering strict repository configuration mode
2025-06-13 14:23:51,318 [main] INFO  [o.s.d.r.config.RepositoryConfigurationDelegate] RepositoryConfigurationDelegate.java:132 - Bootstrapping Spring Data Redis repositories in DEFAULT mode.
2025-06-13 14:23:51,382 [main] INFO  [o.s.d.r.config.RepositoryConfigurationDelegate] RepositoryConfigurationDelegate.java:201 - Finished Spring Data repository scanning in 34 ms. Found 0 Redis repository interfaces.
2025-06-13 14:23:52,011 [main] INFO  [o.springframework.cloud.context.scope.GenericScope] GenericScope.java:283 - BeanFactory id=078661aa-dfde-3ecf-85ad-a4a4f3ee0529
2025-06-13 14:23:52,545 [main] INFO  [o.s.c.s.PostProcessorRegistrationDelegate$BeanPostProcessorChecker] PostProcessorRegistrationDelegate.java:376 - Bean 'org.springframework.cloud.commons.config.CommonsConfigAutoConfiguration' of type [org.springframework.cloud.commons.config.CommonsConfigAutoConfiguration] is not eligible for getting processed by all BeanPostProcessors (for example: not eligible for auto-proxying)
2025-06-13 14:23:52,553 [main] INFO  [o.s.c.s.PostProcessorRegistrationDelegate$BeanPostProcessorChecker] PostProcessorRegistrationDelegate.java:376 - Bean 'org.springframework.cloud.client.loadbalancer.LoadBalancerDefaultMappingsProviderAutoConfiguration' of type [org.springframework.cloud.client.loadbalancer.LoadBalancerDefaultMappingsProviderAutoConfiguration] is not eligible for getting processed by all BeanPostProcessors (for example: not eligible for auto-proxying)
2025-06-13 14:23:52,556 [main] INFO  [o.s.c.s.PostProcessorRegistrationDelegate$BeanPostProcessorChecker] PostProcessorRegistrationDelegate.java:376 - Bean 'loadBalancerClientsDefaultsMappingsProvider' of type [org.springframework.cloud.client.loadbalancer.LoadBalancerDefaultMappingsProviderAutoConfiguration$$Lambda$455/957736899] is not eligible for getting processed by all BeanPostProcessors (for example: not eligible for auto-proxying)
2025-06-13 14:23:52,569 [main] INFO  [o.s.c.s.PostProcessorRegistrationDelegate$BeanPostProcessorChecker] PostProcessorRegistrationDelegate.java:376 - Bean 'defaultsBindHandlerAdvisor' of type [org.springframework.cloud.commons.config.DefaultsBindHandlerAdvisor] is not eligible for getting processed by all BeanPostProcessors (for example: not eligible for auto-proxying)
2025-06-13 14:23:53,500 [main] INFO  [o.s.boot.web.embedded.tomcat.TomcatWebServer] TomcatWebServer.java:108 - Tomcat initialized with port(s): 8080 (http)
2025-06-13 14:23:53,514 [main] INFO  [org.apache.coyote.http11.Http11NioProtocol] DirectJDKLog.java:173 - Initializing ProtocolHandler ["http-nio-8080"]
2025-06-13 14:23:53,518 [main] INFO  [org.apache.catalina.core.StandardService] DirectJDKLog.java:173 - Starting service [Tomcat]
2025-06-13 14:23:53,518 [main] INFO  [org.apache.catalina.core.StandardEngine] DirectJDKLog.java:173 - Starting Servlet engine: [Apache Tomcat/9.0.83]
2025-06-13 14:23:53,888 [main] INFO  [o.a.c.c.C.[Tomcat].[localhost].[/tfwk-regist]] DirectJDKLog.java:173 - Initializing Spring embedded WebApplicationContext
2025-06-13 14:23:53,889 [main] INFO  [o.s.b.w.s.c.ServletWebServerApplicationContext] ServletWebServerApplicationContext.java:292 - Root WebApplicationContext: initialization completed in 4791 ms
2025-06-13 14:23:55,240 [main] INFO  [com.tfwk.auth.config.AuthConfig] AuthConfig.java:123 - [Auth] Configuration 注册RestTemplate对象
2025-06-13 14:23:56,165 [main] INFO  [com.zaxxer.hikari.HikariDataSource] HikariDataSource.java:80 - regist - Starting...
2025-06-13 14:23:56,661 [main] INFO  [com.zaxxer.hikari.HikariDataSource] HikariDataSource.java:82 - regist - Start completed.
2025-06-13 14:23:56,663 [main] INFO  [c.b.dynamic.datasource.DynamicRoutingDataSource] DynamicRoutingDataSource.java:158 - dynamic-datasource - add a datasource named [regist] success
2025-06-13 14:23:56,664 [main] INFO  [c.b.dynamic.datasource.DynamicRoutingDataSource] DynamicRoutingDataSource.java:241 - dynamic-datasource initial loaded [1] datasource,primary datasource named [regist]
2025-06-13 14:23:56,836 [main] INFO  [o.s.boot.web.servlet.RegistrationBean] DynamicRegistrationBean.java:110 - Filter userFilter was not registered (possibly already registered?)
2025-06-13 14:24:00,731 [main] INFO  [org.redisson.Version] Version.java:41 - Redisson 3.17.2
2025-06-13 14:24:01,892 [redisson-netty-2-14] INFO  [o.r.connection.pool.MasterPubSubConnectionPool] ConnectionPool.java:158 - 1 connections initialized for localhost/127.0.0.1:6379
2025-06-13 14:24:01,987 [redisson-netty-2-20] INFO  [org.redisson.connection.pool.MasterConnectionPool] ConnectionPool.java:158 - 24 connections initialized for localhost/127.0.0.1:6379
2025-06-13 14:24:07,462 [main] INFO  [c.b.m.e.spring.MybatisPlusApplicationContextAware] MybatisPlusApplicationContextAware.java:40 - Register ApplicationContext instances org.springframework.boot.web.servlet.context.AnnotationConfigServletWebServerApplicationContext@26e412ef
2025-06-13 14:24:07,555 [main] INFO  [com.tfwk.auth.config.AuthConfig] AuthConfig.java:80 - [Auth] AuthConfig 注册CommonAuthController对象
2025-06-13 14:24:11,211 [main] INFO  [org.apache.coyote.http11.Http11NioProtocol] DirectJDKLog.java:173 - Starting ProtocolHandler ["http-nio-8080"]
2025-06-13 14:24:11,246 [main] INFO  [o.s.boot.web.embedded.tomcat.TomcatWebServer] TomcatWebServer.java:220 - Tomcat started on port(s): 8080 (http) with context path '/tfwk-regist'
2025-06-13 14:24:12,350 [main] INFO  [o.s.boot.web.embedded.tomcat.TomcatWebServer] TomcatWebServer.java:108 - Tomcat initialized with port(s): 5002 (http)
2025-06-13 14:24:12,351 [main] INFO  [org.apache.coyote.http11.Http11NioProtocol] DirectJDKLog.java:173 - Initializing ProtocolHandler ["http-nio-5002"]
2025-06-13 14:24:12,353 [main] INFO  [org.apache.catalina.core.StandardService] DirectJDKLog.java:173 - Starting service [Tomcat]
2025-06-13 14:24:12,354 [main] INFO  [org.apache.catalina.core.StandardEngine] DirectJDKLog.java:173 - Starting Servlet engine: [Apache Tomcat/9.0.83]
2025-06-13 14:24:12,379 [main] INFO  [o.a.c.c.ContainerBase.[Tomcat-1].[localhost].[/]] DirectJDKLog.java:173 - Initializing Spring embedded WebApplicationContext
2025-06-13 14:24:12,380 [main] INFO  [o.s.b.w.s.c.ServletWebServerApplicationContext] ServletWebServerApplicationContext.java:292 - Root WebApplicationContext: initialization completed in 176 ms
2025-06-13 14:24:12,405 [main] INFO  [o.s.b.actuate.endpoint.web.EndpointLinksResolver] EndpointLinksResolver.java:58 - Exposing 15 endpoint(s) beneath base path '/actuator'
2025-06-13 14:24:12,490 [main] INFO  [org.apache.coyote.http11.Http11NioProtocol] DirectJDKLog.java:173 - Starting ProtocolHandler ["http-nio-5002"]
2025-06-13 14:24:12,494 [main] INFO  [o.s.boot.web.embedded.tomcat.TomcatWebServer] TomcatWebServer.java:220 - Tomcat started on port(s): 5002 (http) with context path ''
2025-06-13 14:24:13,617 [main] INFO  [com.tfwk.his.regist.HisRegistApplication] StartupInfoLogger.java:61 - Started HisRegistApplication in 29.3 seconds (JVM running for 32.592)
2025-06-13 14:24:15,845 [RMI TCP Connection(5)-192.168.16.1] INFO  [o.a.c.c.C.[Tomcat].[localhost].[/tfwk-regist]] DirectJDKLog.java:173 - Initializing Spring DispatcherServlet 'dispatcherServlet'
2025-06-13 14:24:15,846 [RMI TCP Connection(5)-192.168.16.1] INFO  [org.springframework.web.servlet.DispatcherServlet] FrameworkServlet.java:525 - Initializing Servlet 'dispatcherServlet'
2025-06-13 14:24:15,854 [RMI TCP Connection(5)-192.168.16.1] INFO  [org.springframework.web.servlet.DispatcherServlet] FrameworkServlet.java:547 - Completed initialization in 7 ms
2025-06-13 14:24:18,253 [registrationTask1] WARN  [d.c.b.a.client.registration.ApplicationRegistrator] DefaultApplicationRegistrator.java:91 - Failed to register application as Application(name=his-regist, managementUrl=http://192.168.16.1:5002/actuator, healthUrl=http://192.168.16.1:5002/actuator/health, serviceUrl=http://192.168.16.1:8080/tfwk-regist) at spring-boot-admin ([http://localhost:5001/admin/instances]): I/O error on POST request for "http://localhost:5001/admin/instances": Connect to localhost:5001 [localhost/127.0.0.1, localhost/0:0:0:0:0:0:0:1] failed: Connection refused: connect; nested exception is org.apache.http.conn.HttpHostConnectException: Connect to localhost:5001 [localhost/127.0.0.1, localhost/0:0:0:0:0:0:0:1] failed: Connection refused: connect. Further attempts are logged on DEBUG level
2025-06-13 14:24:42,045 [SpringApplicationShutdownHook] INFO  [c.b.dynamic.datasource.DynamicRoutingDataSource] DynamicRoutingDataSource.java:215 - dynamic-datasource start closing ....
2025-06-13 14:24:42,053 [SpringApplicationShutdownHook] INFO  [com.zaxxer.hikari.HikariDataSource] HikariDataSource.java:350 - regist - Shutdown initiated...
2025-06-13 14:24:42,099 [SpringApplicationShutdownHook] INFO  [com.zaxxer.hikari.HikariDataSource] HikariDataSource.java:352 - regist - Shutdown completed.
2025-06-13 14:24:42,100 [SpringApplicationShutdownHook] INFO  [c.b.d.d.destroyer.DefaultDataSourceDestroyer] DefaultDataSourceDestroyer.java:98 - dynamic-datasource close the datasource named [regist] success,
2025-06-13 14:24:42,100 [SpringApplicationShutdownHook] INFO  [c.b.dynamic.datasource.DynamicRoutingDataSource] DynamicRoutingDataSource.java:219 - dynamic-datasource all closed success,bye
2025-06-13 14:24:42,105 [SpringApplicationShutdownHook] WARN  [o.s.c.a.AnnotationConfigApplicationContext] AbstractApplicationContext.java:1072 - Exception thrown from ApplicationListener handling ContextClosedEvent
org.springframework.beans.factory.BeanCreationNotAllowedException: Error creating bean with name 'registrationListener': Singleton bean creation not allowed while singletons of this factory are in destruction (Do not request a bean from a BeanFactory in a destroy method implementation!)
	at org.springframework.beans.factory.support.DefaultSingletonBeanRegistry.getSingleton(DefaultSingletonBeanRegistry.java:220)
	at org.springframework.beans.factory.support.AbstractBeanFactory.doGetBean(AbstractBeanFactory.java:333)
	at org.springframework.beans.factory.support.AbstractBeanFactory.getBean(AbstractBeanFactory.java:208)
	at org.springframework.context.support.AbstractApplicationContext.getBean(AbstractApplicationContext.java:1168)
	at org.springframework.context.event.ApplicationListenerMethodAdapter.getTargetBean(ApplicationListenerMethodAdapter.java:371)
	at org.springframework.context.event.ApplicationListenerMethodAdapter.doInvoke(ApplicationListenerMethodAdapter.java:336)
	at org.springframework.context.event.ApplicationListenerMethodAdapter.processEvent(ApplicationListenerMethodAdapter.java:229)
	at org.springframework.context.event.ApplicationListenerMethodAdapter.onApplicationEvent(ApplicationListenerMethodAdapter.java:166)
	at org.springframework.context.event.SimpleApplicationEventMulticaster.doInvokeListener(SimpleApplicationEventMulticaster.java:178)
	at org.springframework.context.event.SimpleApplicationEventMulticaster.invokeListener(SimpleApplicationEventMulticaster.java:171)
	at org.springframework.context.event.SimpleApplicationEventMulticaster.multicastEvent(SimpleApplicationEventMulticaster.java:145)
	at org.springframework.context.support.AbstractApplicationContext.publishEvent(AbstractApplicationContext.java:429)
	at org.springframework.context.support.AbstractApplicationContext.publishEvent(AbstractApplicationContext.java:435)
	at org.springframework.context.support.AbstractApplicationContext.publishEvent(AbstractApplicationContext.java:386)
	at org.springframework.context.support.AbstractApplicationContext.doClose(AbstractApplicationContext.java:1069)
	at org.springframework.context.support.AbstractApplicationContext.close(AbstractApplicationContext.java:1032)
	at org.springframework.cloud.context.named.NamedContextFactory.destroy(NamedContextFactory.java:99)
	at org.springframework.beans.factory.support.DisposableBeanAdapter.destroy(DisposableBeanAdapter.java:213)
	at org.springframework.beans.factory.support.DefaultSingletonBeanRegistry.destroyBean(DefaultSingletonBeanRegistry.java:587)
	at org.springframework.beans.factory.support.DefaultSingletonBeanRegistry.destroySingleton(DefaultSingletonBeanRegistry.java:559)
	at org.springframework.beans.factory.support.DefaultListableBeanFactory.destroySingleton(DefaultListableBeanFactory.java:1163)
	at org.springframework.beans.factory.support.DefaultSingletonBeanRegistry.destroySingletons(DefaultSingletonBeanRegistry.java:520)
	at org.springframework.beans.factory.support.DefaultListableBeanFactory.destroySingletons(DefaultListableBeanFactory.java:1156)
	at org.springframework.context.support.AbstractApplicationContext.destroyBeans(AbstractApplicationContext.java:1120)
	at org.springframework.context.support.AbstractApplicationContext.doClose(AbstractApplicationContext.java:1086)
	at org.springframework.boot.web.servlet.context.ServletWebServerApplicationContext.doClose(ServletWebServerApplicationContext.java:174)
	at org.springframework.context.support.AbstractApplicationContext.close(AbstractApplicationContext.java:1032)
	at org.springframework.boot.SpringApplicationShutdownHook.closeAndWait(SpringApplicationShutdownHook.java:145)
	at java.lang.Iterable.forEach(Iterable.java:75)
	at org.springframework.boot.SpringApplicationShutdownHook.run(SpringApplicationShutdownHook.java:114)
	at java.lang.Thread.run(Thread.java:750)
2025-06-13 14:24:42,106 [SpringApplicationShutdownHook] WARN  [o.s.c.a.AnnotationConfigApplicationContext] AbstractApplicationContext.java:1072 - Exception thrown from ApplicationListener handling ContextClosedEvent
org.springframework.beans.factory.BeanCreationNotAllowedException: Error creating bean with name 'registrationListener': Singleton bean creation not allowed while singletons of this factory are in destruction (Do not request a bean from a BeanFactory in a destroy method implementation!)
	at org.springframework.beans.factory.support.DefaultSingletonBeanRegistry.getSingleton(DefaultSingletonBeanRegistry.java:220)
	at org.springframework.beans.factory.support.AbstractBeanFactory.doGetBean(AbstractBeanFactory.java:333)
	at org.springframework.beans.factory.support.AbstractBeanFactory.getBean(AbstractBeanFactory.java:208)
	at org.springframework.context.support.AbstractApplicationContext.getBean(AbstractApplicationContext.java:1168)
	at org.springframework.context.event.ApplicationListenerMethodAdapter.getTargetBean(ApplicationListenerMethodAdapter.java:371)
	at org.springframework.context.event.ApplicationListenerMethodAdapter.doInvoke(ApplicationListenerMethodAdapter.java:336)
	at org.springframework.context.event.ApplicationListenerMethodAdapter.processEvent(ApplicationListenerMethodAdapter.java:229)
	at org.springframework.context.event.ApplicationListenerMethodAdapter.onApplicationEvent(ApplicationListenerMethodAdapter.java:166)
	at org.springframework.context.event.SimpleApplicationEventMulticaster.doInvokeListener(SimpleApplicationEventMulticaster.java:178)
	at org.springframework.context.event.SimpleApplicationEventMulticaster.invokeListener(SimpleApplicationEventMulticaster.java:171)
	at org.springframework.context.event.SimpleApplicationEventMulticaster.multicastEvent(SimpleApplicationEventMulticaster.java:145)
	at org.springframework.context.support.AbstractApplicationContext.publishEvent(AbstractApplicationContext.java:429)
	at org.springframework.context.support.AbstractApplicationContext.publishEvent(AbstractApplicationContext.java:435)
	at org.springframework.context.support.AbstractApplicationContext.publishEvent(AbstractApplicationContext.java:386)
	at org.springframework.context.support.AbstractApplicationContext.doClose(AbstractApplicationContext.java:1069)
	at org.springframework.context.support.AbstractApplicationContext.close(AbstractApplicationContext.java:1032)
	at org.springframework.cloud.context.named.NamedContextFactory.destroy(NamedContextFactory.java:99)
	at org.springframework.beans.factory.support.DisposableBeanAdapter.destroy(DisposableBeanAdapter.java:213)
	at org.springframework.beans.factory.support.DefaultSingletonBeanRegistry.destroyBean(DefaultSingletonBeanRegistry.java:587)
	at org.springframework.beans.factory.support.DefaultSingletonBeanRegistry.destroySingleton(DefaultSingletonBeanRegistry.java:559)
	at org.springframework.beans.factory.support.DefaultListableBeanFactory.destroySingleton(DefaultListableBeanFactory.java:1163)
	at org.springframework.beans.factory.support.DefaultSingletonBeanRegistry.destroySingletons(DefaultSingletonBeanRegistry.java:520)
	at org.springframework.beans.factory.support.DefaultListableBeanFactory.destroySingletons(DefaultListableBeanFactory.java:1156)
	at org.springframework.context.support.AbstractApplicationContext.destroyBeans(AbstractApplicationContext.java:1120)
	at org.springframework.context.support.AbstractApplicationContext.doClose(AbstractApplicationContext.java:1086)
	at org.springframework.boot.web.servlet.context.ServletWebServerApplicationContext.doClose(ServletWebServerApplicationContext.java:174)
	at org.springframework.context.support.AbstractApplicationContext.close(AbstractApplicationContext.java:1032)
	at org.springframework.boot.SpringApplicationShutdownHook.closeAndWait(SpringApplicationShutdownHook.java:145)
	at java.lang.Iterable.forEach(Iterable.java:75)
	at org.springframework.boot.SpringApplicationShutdownHook.run(SpringApplicationShutdownHook.java:114)
	at java.lang.Thread.run(Thread.java:750)
2025-06-13 14:24:42,107 [SpringApplicationShutdownHook] WARN  [o.s.c.a.AnnotationConfigApplicationContext] AbstractApplicationContext.java:1072 - Exception thrown from ApplicationListener handling ContextClosedEvent
org.springframework.beans.factory.BeanCreationNotAllowedException: Error creating bean with name 'registrationListener': Singleton bean creation not allowed while singletons of this factory are in destruction (Do not request a bean from a BeanFactory in a destroy method implementation!)
	at org.springframework.beans.factory.support.DefaultSingletonBeanRegistry.getSingleton(DefaultSingletonBeanRegistry.java:220)
	at org.springframework.beans.factory.support.AbstractBeanFactory.doGetBean(AbstractBeanFactory.java:333)
	at org.springframework.beans.factory.support.AbstractBeanFactory.getBean(AbstractBeanFactory.java:208)
	at org.springframework.context.support.AbstractApplicationContext.getBean(AbstractApplicationContext.java:1168)
	at org.springframework.context.event.ApplicationListenerMethodAdapter.getTargetBean(ApplicationListenerMethodAdapter.java:371)
	at org.springframework.context.event.ApplicationListenerMethodAdapter.doInvoke(ApplicationListenerMethodAdapter.java:336)
	at org.springframework.context.event.ApplicationListenerMethodAdapter.processEvent(ApplicationListenerMethodAdapter.java:229)
	at org.springframework.context.event.ApplicationListenerMethodAdapter.onApplicationEvent(ApplicationListenerMethodAdapter.java:166)
	at org.springframework.context.event.SimpleApplicationEventMulticaster.doInvokeListener(SimpleApplicationEventMulticaster.java:178)
	at org.springframework.context.event.SimpleApplicationEventMulticaster.invokeListener(SimpleApplicationEventMulticaster.java:171)
	at org.springframework.context.event.SimpleApplicationEventMulticaster.multicastEvent(SimpleApplicationEventMulticaster.java:145)
	at org.springframework.context.support.AbstractApplicationContext.publishEvent(AbstractApplicationContext.java:429)
	at org.springframework.context.support.AbstractApplicationContext.publishEvent(AbstractApplicationContext.java:435)
	at org.springframework.context.support.AbstractApplicationContext.publishEvent(AbstractApplicationContext.java:386)
	at org.springframework.context.support.AbstractApplicationContext.doClose(AbstractApplicationContext.java:1069)
	at org.springframework.context.support.AbstractApplicationContext.close(AbstractApplicationContext.java:1032)
	at org.springframework.cloud.context.named.NamedContextFactory.destroy(NamedContextFactory.java:99)
	at org.springframework.beans.factory.support.DisposableBeanAdapter.destroy(DisposableBeanAdapter.java:213)
	at org.springframework.beans.factory.support.DefaultSingletonBeanRegistry.destroyBean(DefaultSingletonBeanRegistry.java:587)
	at org.springframework.beans.factory.support.DefaultSingletonBeanRegistry.destroySingleton(DefaultSingletonBeanRegistry.java:559)
	at org.springframework.beans.factory.support.DefaultListableBeanFactory.destroySingleton(DefaultListableBeanFactory.java:1163)
	at org.springframework.beans.factory.support.DefaultSingletonBeanRegistry.destroySingletons(DefaultSingletonBeanRegistry.java:520)
	at org.springframework.beans.factory.support.DefaultListableBeanFactory.destroySingletons(DefaultListableBeanFactory.java:1156)
	at org.springframework.context.support.AbstractApplicationContext.destroyBeans(AbstractApplicationContext.java:1120)
	at org.springframework.context.support.AbstractApplicationContext.doClose(AbstractApplicationContext.java:1086)
	at org.springframework.boot.web.servlet.context.ServletWebServerApplicationContext.doClose(ServletWebServerApplicationContext.java:174)
	at org.springframework.context.support.AbstractApplicationContext.close(AbstractApplicationContext.java:1032)
	at org.springframework.boot.SpringApplicationShutdownHook.closeAndWait(SpringApplicationShutdownHook.java:145)
	at java.lang.Iterable.forEach(Iterable.java:75)
	at org.springframework.boot.SpringApplicationShutdownHook.run(SpringApplicationShutdownHook.java:114)
	at java.lang.Thread.run(Thread.java:750)
